[2026-03-18 17:49:34] [runtime_2026031817493_a8a7] [INFO] 任务2026031817493_a8a7后台线程启动：device=AF8YVB1805003480, record_video=True, suite=d:\cursor\ums_uiautomator\test_suite\case_4.py
[2026-03-18 17:49:34] [runtime_2026031817493_a8a7] [INFO] 任务2026031817493_a8a7准备启动全程录屏：device=AF8YVB1805003480
[2026-03-18 17:49:34] [runtime_2026031817493_a8a7] [INFO] 任务2026031817493_a8a7全程录屏线程已启动
[2026-03-18 17:49:34] [device_AF8YVB1805003480] [INFO] 开始初始化设备：AF8YVB1805003480
[2026-03-18 17:49:34] [device_AF8YVB1805003480] [DEBUG] 设备AF8YVB1805003480在线状态：True
[2026-03-18 17:49:34] [device_AF8YVB1805003480] [DEBUG] 尝试直接连接已存在的 uiautomator2 会话：AF8YVB1805003480
[2026-03-18 17:49:34] [runtime_2026031817493_a8a7] [WARNING] 设备可能不支持 screenrecord（which 失败）：stdout=, stderr=
[2026-03-18 17:49:34] [runtime_2026031817493_a8a7] [DEBUG] 录屏目录探测删除失败：dir=/sdcard/Movies, rc=1, stderr=rm: Needs 1 argument
[2026-03-18 17:49:34] [runtime_2026031817493_a8a7] [DEBUG] 录屏目录探测删除失败：dir=/sdcard/Download, rc=1, stderr=rm: Needs 1 argument
[2026-03-18 17:49:35] [runtime_2026031817493_a8a7] [DEBUG] 录屏目录探测删除失败：dir=/sdcard/DCIM, rc=1, stderr=rm: Needs 1 argument
[2026-03-18 17:49:35] [runtime_2026031817493_a8a7] [DEBUG] 录屏目录探测删除失败：dir=/storage/emulated/0/Movies, rc=1, stderr=rm: Needs 1 argument
[2026-03-18 17:49:35] [runtime_2026031817493_a8a7] [DEBUG] 录屏目录探测删除失败：dir=/storage/emulated/0/Download, rc=1, stderr=rm: Needs 1 argument
[2026-03-18 17:49:36] [device_AF8YVB1805003480] [INFO] 设备AF8YVB1805003480已存在可用的 uiautomator2 会话，跳过 init
[2026-03-18 17:49:36] [task_2026031817493_a8a7] [INFO] 准备测试环境：d:\cursor\ums_uiautomator\result\2026031817493_a8a7
[2026-03-18 17:49:36] [task_2026031817493_a8a7] [DEBUG] 创建目录成功：d:\cursor\ums_uiautomator\result\2026031817493_a8a7\allure_raw
[2026-03-18 17:49:36] [task_2026031817493_a8a7] [DEBUG] 创建目录成功：d:\cursor\ums_uiautomator\result\2026031817493_a8a7\allure_html
[2026-03-18 17:49:36] [task_2026031817493_a8a7] [INFO] 测试目录初始化完成：d:\cursor\ums_uiautomator\result\2026031817493_a8a7
[2026-03-18 17:49:36] [task_2026031817493_a8a7] [INFO] 测试用例校验通过：d:\cursor\ums_uiautomator\test_suite\case_4.py（文件大小：1.20KB）
[2026-03-18 17:49:36] [task_2026031817493_a8a7] [INFO] 开始执行Pytest测试...
[2026-03-18 17:49:36] [runtime_2026031817493_a8a7] [DEBUG] 录屏目录探测删除失败：dir=/storage/self/primary/Movies, rc=1, stderr=rm: Needs 1 argument
[2026-03-18 17:49:36] [runtime_2026031817493_a8a7] [DEBUG] 录屏目录探测删除失败：dir=/sdcard, rc=1, stderr=rm: Needs 1 argument
[2026-03-18 17:49:36] [runtime_2026031817493_a8a7] [DEBUG] 录屏目录探测删除失败：dir=/storage/emulated/0, rc=1, stderr=rm: Needs 1 argument
[2026-03-18 17:49:37] [runtime_2026031817493_a8a7] [DEBUG] 录屏目录探测删除失败：dir=/storage/self/primary, rc=1, stderr=rm: Needs 1 argument
[2026-03-18 17:49:37] [device_AF8YVB1805003480] [INFO] 开始初始化设备：AF8YVB1805003480
[2026-03-18 17:49:37] [device_AF8YVB1805003480] [DEBUG] 设备AF8YVB1805003480在线状态：True
[2026-03-18 17:49:37] [device_AF8YVB1805003480] [DEBUG] 尝试直接连接已存在的 uiautomator2 会话：AF8YVB1805003480
[2026-03-18 17:49:37] [runtime_2026031817493_a8a7] [DEBUG] 录屏目录探测删除失败：dir=/data/local/tmp, rc=1, stderr=rm: Needs 1 argument
[2026-03-18 17:49:37] [runtime_2026031817493_a8a7] [ERROR] 未找到可写的设备端目录，无法录屏
[2026-03-18 17:49:37] [device_AF8YVB1805003480] [INFO] 设备AF8YVB1805003480已存在可用的 uiautomator2 会话，跳过 init
[2026-03-18 17:49:38] [device_AF8YVB1805003480] [INFO] 设备AF8YVB1805003480执行亮屏操作
[2026-03-18 17:49:46] [device_AF8YVB1805003480] [INFO] 设备AF8YVB1805003480执行按键操作：home
[2026-03-18 17:49:46] [device_AF8YVB1805003480] [INFO] 设备AF8YVB1805003480执行亮屏操作
[2026-03-18 17:49:47] [device_AF8YVB1805003480] [INFO] 设备AF8YVB1805003480执行按键操作：home
[2026-03-18 17:49:57] [device_AF8YVB1805003480] [INFO] 设备AF8YVB1805003480执行按键操作：home
[2026-03-18 17:49:57] [task_2026031817493_a8a7] [INFO] Pytest执行完成（耗时：21.57秒，返回码：0）
[2026-03-18 17:49:57] [task_2026031817493_a8a7] [INFO] Pytest日志已保存：d:\cursor\ums_uiautomator\result\2026031817493_a8a7\task_2026031817493_a8a7.log（大小：1.07KB）
[2026-03-18 17:49:57] [task_2026031817493_a8a7] [INFO] 开始生成Allure HTML报告...
[2026-03-18 17:49:57] [task_2026031817493_a8a7] [DEBUG] Allure生成命令包含--clean参数
[2026-03-18 17:49:57] [task_2026031817493_a8a7] [DEBUG] Allure报告标题：report_2026031817493_a8a7
[2026-03-18 17:49:57] [task_2026031817493_a8a7] [DEBUG] Allure生成命令：allure generate d:\cursor\ums_uiautomator\result\2026031817493_a8a7\allure_raw -o d:\cursor\ums_uiautomator\result\2026031817493_a8a7\allure_html --clean --title report_2026031817493_a8a7
[2026-03-18 17:50:00] [task_2026031817493_a8a7] [INFO] Allure生成日志已保存：d:\cursor\ums_uiautomator\result\2026031817493_a8a7\allure_generate.log
[2026-03-18 17:50:00] [task_2026031817493_a8a7] [DEBUG] 报告压缩功能已禁用
[2026-03-18 17:50:00] [task_2026031817493_a8a7] [INFO] Allure报告生成成功：d:\cursor\ums_uiautomator\result\2026031817493_a8a7\allure_html\index.html（目录大小：2433.21MB，耗时：3.29秒）
[2026-03-18 17:50:00] [task_2026031817493_a8a7] [INFO] 报告元数据已保存：d:\cursor\ums_uiautomator\result\2026031817493_a8a7\report_meta.json
[2026-03-18 17:50:00] [runtime_2026031817493_a8a7] [INFO] 任务2026031817493_a8a7准备停止录屏并收集文件
[2026-03-18 17:50:01] [runtime_2026031817493_a8a7] [WARNING] 任务2026031817493_a8a7录屏未生成或为空（video_path=None）
