[2026-03-18 16:44:03] [device_JXB0221407010677] [INFO] 开始初始化设备：JXB0221407010677
[2026-03-18 16:44:04] [device_JXB0221407010677] [DEBUG] 设备JXB0221407010677在线状态：True
[2026-03-18 16:44:04] [device_JXB0221407010677] [DEBUG] 尝试直接连接已存在的 uiautomator2 会话：JXB0221407010677
[2026-03-18 16:44:04] [device_JXB0221407010677] [INFO] 设备JXB0221407010677已存在可用的 uiautomator2 会话，跳过 init
[2026-03-18 16:44:04] [task_2026031816440_1371] [INFO] 准备测试环境：d:\cursor\ums_uiautomator\result\2026031816440_1371
[2026-03-18 16:44:04] [task_2026031816440_1371] [DEBUG] 创建目录成功：d:\cursor\ums_uiautomator\result\2026031816440_1371\allure_raw
[2026-03-18 16:44:04] [task_2026031816440_1371] [DEBUG] 创建目录成功：d:\cursor\ums_uiautomator\result\2026031816440_1371\allure_html
[2026-03-18 16:44:04] [task_2026031816440_1371] [INFO] 测试目录初始化完成：d:\cursor\ums_uiautomator\result\2026031816440_1371
[2026-03-18 16:44:04] [task_2026031816440_1371] [INFO] 测试用例校验通过：d:\cursor\ums_uiautomator\test_suite\case_5.py（文件大小：0.74KB）
[2026-03-18 16:44:04] [task_2026031816440_1371] [INFO] 开始执行Pytest测试...
[2026-03-18 16:44:06] [device_JXB0221407010677] [INFO] 开始初始化设备：JXB0221407010677
[2026-03-18 16:44:06] [device_JXB0221407010677] [DEBUG] 设备JXB0221407010677在线状态：True
[2026-03-18 16:44:06] [device_JXB0221407010677] [DEBUG] 尝试直接连接已存在的 uiautomator2 会话：JXB0221407010677
[2026-03-18 16:44:06] [device_JXB0221407010677] [INFO] 设备JXB0221407010677已存在可用的 uiautomator2 会话，跳过 init
[2026-03-18 16:44:07] [device_JXB0221407010677] [INFO] 设备JXB0221407010677执行亮屏操作
[2026-03-18 16:44:17] [device_JXB0221407010677] [INFO] 设备JXB0221407010677执行按键操作：home
[2026-03-18 16:44:18] [task_2026031816440_1371] [INFO] Pytest执行完成（耗时：13.12秒，返回码：1）
[2026-03-18 16:44:18] [task_2026031816440_1371] [INFO] Pytest日志已保存：d:\cursor\ums_uiautomator\result\2026031816440_1371\task_2026031816440_1371.log（大小：0.46KB）
[2026-03-18 16:44:18] [task_2026031816440_1371] [INFO] 开始生成Allure HTML报告...
[2026-03-18 16:44:18] [task_2026031816440_1371] [DEBUG] Allure生成命令包含--clean参数
[2026-03-18 16:44:18] [task_2026031816440_1371] [DEBUG] Allure报告标题：report_2026031816440_1371
[2026-03-18 16:44:18] [task_2026031816440_1371] [DEBUG] Allure生成命令：allure generate d:\cursor\ums_uiautomator\result\2026031816440_1371\allure_raw -o d:\cursor\ums_uiautomator\result\2026031816440_1371\allure_html --clean --title report_2026031816440_1371
[2026-03-18 16:44:21] [task_2026031816440_1371] [INFO] Allure生成日志已保存：d:\cursor\ums_uiautomator\result\2026031816440_1371\allure_generate.log
[2026-03-18 16:44:21] [task_2026031816440_1371] [DEBUG] 报告压缩功能已禁用
[2026-03-18 16:44:21] [task_2026031816440_1371] [INFO] Allure报告生成成功：d:\cursor\ums_uiautomator\result\2026031816440_1371\allure_html\index.html（目录大小：2428.02MB，耗时：3.35秒）
[2026-03-18 16:44:21] [task_2026031816440_1371] [INFO] 报告元数据已保存：d:\cursor\ums_uiautomator\result\2026031816440_1371\report_meta.json
