[2026-03-16 16:02:41] [device_AF8YVB1805003480] [INFO] 开始初始化设备：AF8YVB1805003480
[2026-03-16 16:02:41] [task_2026031616024_fe29] [INFO] 准备测试环境：d:\cursor\ums_uiautomator\result\2026031616024_fe29
[2026-03-16 16:02:41] [task_2026031616024_fe29] [DEBUG] 创建目录成功：d:\cursor\ums_uiautomator\result\2026031616024_fe29\allure_raw
[2026-03-16 16:02:41] [task_2026031616024_fe29] [DEBUG] 创建目录成功：d:\cursor\ums_uiautomator\result\2026031616024_fe29\allure_html
[2026-03-16 16:02:41] [task_2026031616024_fe29] [INFO] 测试目录初始化完成：d:\cursor\ums_uiautomator\result\2026031616024_fe29
[2026-03-16 16:02:41] [task_2026031616024_fe29] [INFO] 测试用例校验通过：d:\cursor\ums_uiautomator\test_suite\2026031616024_0cc4_demo.py（文件大小：1.20KB）
[2026-03-16 16:02:41] [task_2026031616024_fe29] [INFO] 开始执行Pytest测试...
[2026-03-16 16:02:43] [device_AF8YVB1805003480] [INFO] 开始初始化设备：AF8YVB1805003480
[2026-03-16 16:02:43] [device_AF8YVB1805003480] [DEBUG] 设备AF8YVB1805003480在线状态：True
[2026-03-16 16:02:43] [device_AF8YVB1805003480] [DEBUG] 尝试直接连接已存在的 uiautomator2 会话：AF8YVB1805003480
[2026-03-16 16:02:44] [device_AF8YVB1805003480] [DEBUG] 直接连接现有 uiautomator2 会话失败，将执行 init 重新拉起：Push not complete, expect pushed 3746525, actually pushed 3649536
[2026-03-16 16:02:44] [device_AF8YVB1805003480] [INFO] 执行初始化命令：python -m uiautomator2 init AF8YVB1805003480
[2026-03-16 16:02:44] [device_AF8YVB1805003480] [DEBUG] uiautomator2 init 输出：[D 2026-03-16 16:02:44,876 core:254 pid:30456] file u2.jar md5: 3564c56e4ef077f92c0fd32bcb42aea1
[2026-03-16 16:02:44] [device_AF8YVB1805003480] [DEBUG] uiautomator2 init 输出：[D 2026-03-16 16:02:44,939 core:243 pid:30456] file u2.jar already pushed
[2026-03-16 16:02:44] [device_AF8YVB1805003480] [DEBUG] uiautomator2 init 输出：[D 2026-03-16 16:02:44,939 core:111 pid:30456] http request GET /ping None
[2026-03-16 16:02:44] [device_AF8YVB1805003480] [DEBUG] uiautomator2 init 输出：[D 2026-03-16 16:02:44,973 core:254 pid:30456] file u2.jar md5: 3564c56e4ef077f92c0fd32bcb42aea1
[2026-03-16 16:02:45] [device_AF8YVB1805003480] [DEBUG] uiautomator2 init 输出：[D 2026-03-16 16:02:45,032 core:243 pid:30456] file u2.jar already pushed
[2026-03-16 16:02:45] [device_AF8YVB1805003480] [INFO] uiautomator2 init 命令执行完成
[2026-03-16 16:02:45] [device_AF8YVB1805003480] [INFO] 设备AF8YVB1805003480初始化成功，已连接uiautomator2
[2026-03-16 16:02:45] [device_AF8YVB1805003480] [INFO] 设备AF8YVB1805003480执行亮屏操作
[2026-03-16 16:02:53] [device_AF8YVB1805003480] [INFO] 设备AF8YVB1805003480执行按键操作：home
[2026-03-16 16:02:53] [device_AF8YVB1805003480] [INFO] 设备AF8YVB1805003480执行亮屏操作
[2026-03-16 16:02:54] [device_AF8YVB1805003480] [INFO] 设备AF8YVB1805003480执行按键操作：home
[2026-03-16 16:03:05] [device_AF8YVB1805003480] [INFO] 设备AF8YVB1805003480执行按键操作：home
[2026-03-16 16:03:05] [task_2026031616024_fe29] [INFO] Pytest执行完成（耗时：23.34秒，返回码：0）
[2026-03-16 16:03:05] [task_2026031616024_fe29] [INFO] Pytest日志已保存：d:\cursor\ums_uiautomator\result\2026031616024_fe29\task_2026031616024_fe29.log（大小：1.09KB）
[2026-03-16 16:03:05] [task_2026031616024_fe29] [INFO] 开始生成Allure HTML报告...
[2026-03-16 16:03:05] [task_2026031616024_fe29] [DEBUG] Allure生成命令包含--clean参数
[2026-03-16 16:03:05] [task_2026031616024_fe29] [DEBUG] Allure报告标题：report_2026031616024_fe29
[2026-03-16 16:03:05] [task_2026031616024_fe29] [DEBUG] Allure生成命令：allure generate d:\cursor\ums_uiautomator\result\2026031616024_fe29\allure_raw -o d:\cursor\ums_uiautomator\result\2026031616024_fe29\allure_html --clean --title report_2026031616024_fe29
[2026-03-16 16:03:08] [task_2026031616024_fe29] [INFO] Allure生成日志已保存：d:\cursor\ums_uiautomator\result\2026031616024_fe29\allure_generate.log
[2026-03-16 16:03:08] [task_2026031616024_fe29] [DEBUG] 报告压缩功能已禁用
[2026-03-16 16:03:08] [task_2026031616024_fe29] [INFO] Allure报告生成成功：d:\cursor\ums_uiautomator\result\2026031616024_fe29\allure_html\index.html（目录大小：2435.55MB，耗时：3.37秒）
[2026-03-16 16:03:08] [task_2026031616024_fe29] [INFO] 报告元数据已保存：d:\cursor\ums_uiautomator\result\2026031616024_fe29\report_meta.json
